// Jest Snapshot v1, https://goo.gl/fbAQLP

exports[`allow overriding flags (stderr) 1`] = `""`;

exports[`allow overriding flags (write) 1`] = `[]`;

exports[`boolean flags do not swallow the next argument (stderr) 1`] = `""`;

exports[`boolean flags do not swallow the next argument (stdout) 1`] = `"console.log('could be single quote and without semi');"`;

exports[`boolean flags do not swallow the next argument (write) 1`] = `[]`;

exports[`negated options work (stderr) 1`] = `""`;

exports[`negated options work (stdout) 1`] = `"console.log("could be single quote and without semi")"`;

exports[`negated options work (write) 1`] = `[]`;

exports[`number file/dir (stdout) 1`] = `"1/file-in-dir-named-1.js"`;

exports[`number file/dir (stdout) 2`] = `"2.2/file-in-dir-named-2.2.js"`;

exports[`number file/dir (stdout) 3`] = `"3"`;

exports[`number file/dir (stdout) 4`] = `"4.44"`;

exports[`number file/dir (stdout) 5`] = `
"1/file-in-dir-named-1.js
2.2/file-in-dir-named-2.2.js
3
4.44"
`;

exports[`options with \`cliName\` should not allow to pass directly (stderr) 1`] = `
"[warn] Ignored unknown option --filepath=file.js.
[error] No parser and no file path given, couldn't infer a parser."
`;

exports[`options with \`cliName\` should not allow to pass directly (stdout) 1`] = `"prettier();"`;

exports[`options with \`cliName\` should not allow to pass directly (stdout) 2`] = `""`;

exports[`unknown negated options are errored (stderr) 1`] = `
"
  Unknown option: "unknown"
"
`;

exports[`unknown negated options are errored (stdout) 1`] = `""`;

exports[`unknown negated options are errored (write) 1`] = `[]`;

exports[`unknown options are errored (stderr) 1`] = `
"
  Unknown option: "unknown"
"
`;

exports[`unknown options are errored (stdout) 1`] = `""`;

exports[`unknown options are errored (write) 1`] = `[]`;

exports[`unknown options may trigger a suggestion \`_\` (stderr) 1`] = `
"
  Unknown option: "a". Did you mean "v"?
"
`;

exports[`unknown options may trigger a suggestion \`_\` (stdout) 1`] = `""`;
