// Jest Snapshot v1, https://goo.gl/fbAQLP

exports[`support relative paths  1`] = `
{
  "stderr": "",
  "stdout": "level1-glob/level2-glob/level3-glob/shouldNotBeIgnored.scss
level1-glob/shouldNotBeIgnored.js
shouldNotBeIgnored.js",
  "write": [],
}
`;
