// Jest Snapshot v1, https://goo.gl/fbAQLP

exports[`ignores .prettierignore folder  1`] = `
{
  "stderr": "",
  "stdout": "",
  "write": [],
}
`;
