// Jest Snapshot v1, https://goo.gl/fbAQLP

exports[`Line breaking after filepath with errors  1`] = `
{
  "stdout": "foo();",
}
`;

exports[`Line breaking after filepath with errors  2`] = `
{
  "stdout": "foo();",
}
`;
